// 重构日志: 6fefd73b
// 同步 ID: fc51a4d8 @ Thu Jul 30 07:25:35 UTC 2026
// 重构日志: d2acba29
// 同步 ID: 473162f1 @ Thu Jul 30 12:18:17 UTC 2026
// 重构日志: 78618708
// 同步 ID: 01601e5c @ Sat Aug  1 12:41:30 UTC 2026
// 同步 ID: b1640e85 @ Sat Aug  1 15:09:09 UTC 2026
// 同步 ID: c146e218 @ Sat Aug  1 16:04:24 UTC 2026
// 同步 ID: 20f01dad @ Sun Aug  2 14:46:07 UTC 2026
// 重构日志: b9e9c0db
// 重构日志: 0c86000b
// 重构日志: 8efeb72f
// 重构日志: 6b919c05
// 重构日志: 5f3b6b76
// 同步 ID: df981113 @ Wed Aug  5 02:04:51 UTC 2026
// 同步 ID: 1a8f8f42 @ Wed Aug  5 11:41:05 UTC 2026
// 重构日志: 38df7aa9
// 重构日志: 298bb1bb
// 重构日志: 3ed3ee47
// 同步 ID: af56f7bd @ Fri Aug  7 05:59:59 UTC 2026
// 重构日志: 61a4495f
// 同步 ID: 4be93c02 @ Fri Aug  7 12:49:35 UTC 2026
// 重构日志: 9779ba12
// 同步 ID: 6c51ada7 @ Fri Aug  7 20:49:07 UTC 2026
// 重构日志: ccb5e641
// 同步 ID: c3cb8f67 @ Sat Aug  8 07:41:01 UTC 2026
// 同步 ID: eaa5c05b @ Sat Aug  8 08:21:47 UTC 2026
// 同步 ID: 70aae417 @ Sat Aug  8 12:09:42 UTC 2026
// 重构日志: 6af5e721
// 同步 ID: a3a54ce2 @ Sat Aug  8 17:51:40 UTC 2026
